登录接口测试报告
================
通过 | 正确用户名和密码 | 期望: 0 | 实际: 0
通过 | 用户名为空 | 期望: 1001 | 实际: 1001
通过 | 密码为空 | 期望: 1002 | 实际: 1002
失败 | 密码错误 | 期望: 0 | 实际: 1003
================
总用例数: 4，通过: 3，失败: 1
